// Jest Snapshot v1, https://goo.gl/fbAQLP

exports[`Favorites should render properly 1`] = `
<div>
  <section
    class="Section"
    data-testid="grid"
  >
    <h1
      class="Heading"
      data-testid="grid-title"
    >
      Favourite voices
    </h1>
    <ul
      class="Grid"
      data-testid="grid-list"
    >
      <li
        style="opacity: 0; transform: scale(0.7);"
      >
        <div
          class="Voice is-favorite"
          data-testid="voice"
          tabindex="0"
        >
          <div
            class="Voice-image"
          >
            <img
              alt="Manzana"
              src="/VoicesVoiceIcon02.png"
            />
            ;
          </div>
          <div
            class="Voice-name"
          >
            Manzana
          </div>
          <button
            class="Voice-favorite"
            data-testid="voice-fav"
          >
            Please don't
          </button>
        </div>
      </li>
    </ul>
  </section>
</div>
`;
